******************************************************************************
                  TI ARM Linker PC v20.2.5                     
******************************************************************************
>> Linked Mon May 26 13:54:32 2025

OUTPUT FILE NAME:   <Projecte2.out>
ENTRY POINT SYMBOL: "_c_int00_noargs"  address: 00004c4d


MEMORY CONFIGURATION

         name            origin    length      used     unused   attr    fill
----------------------  --------  ---------  --------  --------  ----  --------
  MAIN                  00000000   00040000  00005f57  0003a0a9  R  X
  INFO                  00200000   00004000  00000000  00004000  R  X
  SRAM_CODE             01000000   00010000  00000622  0000f9de  RW X
  SRAM_DATA             20000000   00010000  00000622  0000f9de  RW  


SEGMENT ALLOCATION MAP

run origin  load origin   length   init length attrs members
----------  ----------- ---------- ----------- ----- -------
00000000    00000000    00005f58   00005f58    r-x
  00000000    00000000    000000e4   000000e4    r-- .intvecs
  000000e4    000000e4    00004c98   00004c98    r-x .text
  00004d7c    00004d7c    0000119b   0000119b    r-- .const
  00005f18    00005f18    00000040   00000040    r-- .cinit
20000000    20000000    00000423   00000000    rw-
  20000000    20000000    00000407   00000000    rw- .bss
  20000408    20000408    0000001b   00000000    rw- .data
2000fe00    2000fe00    00000200   00000000    rw-
  2000fe00    2000fe00    00000200   00000000    rw- .stack


SECTION ALLOCATION MAP

 output                                  attributes/
section   page    origin      length       input sections
--------  ----  ----------  ----------   ----------------
.intvecs   0    00000000    000000e4     
                  00000000    000000e4     startup_msp432p401r_ccs.obj (.intvecs:retain)

.text      0    000000e4    00004c98     
                  000000e4    0000104c     lib_PAE.lib : graphics.obj (.text)
                  00001130    00000b68     robot_lib.obj (.text)
                  00001c98    00000a4e     rtsv7M4_T_le_v4SPD16_eabi.lib : _printfi.c.obj (.text:__TI_printfi)
                  000026e6    00000002                                   : div0.asm.obj (.text)
                  000026e8    000008a8     lib_PAE.lib : lcd.obj (.text)
                  00002f90    000004f0     main.obj (.text)
                  00003480    00000334     system_msp432p401r.obj (.text)
                  000037b4    00000270     rtsv7M4_T_le_v4SPD16_eabi.lib : _printfi.c.obj (.text:_pconv_a)
                  00003a24    000001d0                                   : _printfi.c.obj (.text:_pconv_g)
                  00003bf4    000001b6                                   : fd_add_t2.asm.obj (.text)
                  00003daa    00000002     --HOLE-- [fill = 0]
                  00003dac    00000188     lib_PAE.lib : msp_LCD.obj (.text)
                  00003f34    0000013c     rtsv7M4_T_le_v4SPD16_eabi.lib : _printfi.c.obj (.text:_pconv_e)
                  00004070    00000136                                   : fd_div_t2.asm.obj (.text)
                  000041a6    00000002     --HOLE-- [fill = 0]
                  000041a8    00000124                                   : _printfi.c.obj (.text:fcvt)
                  000042cc    00000110                                   : s_scalbn.c.obj (.text:scalbn)
                  000043dc    000000fc                                   : fd_mul_t2.asm.obj (.text)
                  000044d8    000000b1                                   : _printfi.c.obj (.text:_ltostr)
                  00004589    00000001     --HOLE-- [fill = 0]
                  0000458a    0000009c                                   : memcpy_t2.asm.obj (.text)
                  00004626    00000096                                   : ull_div_t2.asm.obj (.text)
                  000046bc    00000086                                   : fd_cmp_t2.asm.obj (.text:__aeabi_cdcmple)
                  00004742    00000086                                   : fd_cmp_t2.asm.obj (.text:__aeabi_cdrcmple)
                  000047c8    0000007a                                   : memset_t2.asm.obj (.text)
                  00004842    00000002     --HOLE-- [fill = 0]
                  00004844    00000078     lib_PAE.lib : Inicializacion.obj (.text)
                  000048bc    0000006e     rtsv7M4_T_le_v4SPD16_eabi.lib : _printfi.c.obj (.text:_mcpy)
                  0000492a    00000068                                   : copy_decompress_lzss.c.obj (.text:decompress:lzss:__TI_decompress_lzss)
                  00004992    00000002     --HOLE-- [fill = 0]
                  00004994    00000064                                   : s_frexp.c.obj (.text:frexp)
                  000049f8    00000056                                   : _printfi.c.obj (.text:_pconv_f)
                  00004a4e    00000054                                   : _ltoa.c.obj (.text:__TI_ltoa)
                  00004aa2    00000052                                   : _printfi.c.obj (.text:_ecpy)
                  00004af4    0000004c                                   : atoi.c.obj (.text:atoi)
                  00004b40    00000048                                   : fd_toi_t2.asm.obj (.text)
                  00004b88    00000044                                   : autoinit.c.obj (.text:__TI_auto_init_nobinit_nopinit:__TI_auto_init_nobinit_nopinit)
                  00004bcc    00000040                                   : sprintf.c.obj (.text:sprintf)
                  00004c0c    0000003e                                   : _printfi.c.obj (.text:_fcpy)
                  00004c4a    00000002     --HOLE-- [fill = 0]
                  00004c4c    00000034                                   : boot_cortex_m.c.obj (.text:_c_int00_noargs:_c_int00_noargs)
                  00004c80    0000002e                                   : i_tofd_t2.asm.obj (.text)
                  00004cae    0000001c                                   : memccpy.c.obj (.text:memccpy)
                  00004cca    0000001a                                   : s_copysign.c.obj (.text:copysign)
                  00004ce4    00000018                                   : sprintf.c.obj (.text:_outs)
                  00004cfc    00000016                                   : strchr.c.obj (.text:strchr)
                  00004d12    00000014                                   : strlen.c.obj (.text:strlen)
                  00004d26    00000012                                   : wcslen.c.obj (.text:wcslen)
                  00004d38    0000000e                                   : copy_decompress_none.c.obj (.text:decompress:none:__TI_decompress_none)
                  00004d46    0000000e     startup_msp432p401r_ccs.obj (.text)
                  00004d54    0000000c     rtsv7M4_T_le_v4SPD16_eabi.lib : copy_zero_init.c.obj (.text:decompress:ZI:__TI_zero_init)
                  00004d60    0000000a                                   : sprintf.c.obj (.text:_outc)
                  00004d6a    00000002     --HOLE-- [fill = 0]
                  00004d6c    00000008                                   : errno.c.obj (.text:__aeabi_errno_addr)
                  00004d74    00000004                                   : pre_init.c.obj (.text:_system_pre_init)
                  00004d78    00000004                                   : exit.c.obj (.text:abort:abort)

.const     0    00004d7c    0000119b     
                  00004d7c    0000082a     lib_PAE.lib : graphics.obj (.const:font_11x16)
                  000055a6    00000474                 : graphics.obj (.const:font_8x12)
                  00005a1a    000001e0                 : graphics.obj (.const:font_5x7)
                  00005bfa    00000101     rtsv7M4_T_le_v4SPD16_eabi.lib : ctype.c.obj (.const:.string:_ctypes_)
                  00005cfb    00000001     --HOLE-- [fill = 0]
                  00005cfc    00000074     robot_lib.obj (.const:$P$T4$5)
                  00005d70    00000074     robot_lib.obj (.const:$P$T5$6)
                  00005de4    00000074     robot_lib.obj (.const:$P$T6$7)
                  00005e58    00000074     robot_lib.obj (.const:$P$T7$8)
                  00005ecc    00000012     robot_lib.obj (.const:.string:$P$T0$1)
                  00005ede    00000010     lib_PAE.lib : lcd.obj (.const:.string:$P$T0$1)
                  00005eee    00000010     main.obj (.const:.string:$P$T0$1)
                  00005efe    00000010     lib_PAE.lib : lcd.obj (.const:.string:$P$T1$2)
                  00005f0e    00000003     robot_lib.obj (.const:.string:$P$T3$4)
                  00005f11    00000002     main.obj (.const:.string:$P$T1$2)
                  00005f13    00000002     robot_lib.obj (.const:.string:$P$T1$2)
                  00005f15    00000002     robot_lib.obj (.const:.string:$P$T2$3)

.cinit     0    00005f18    00000040     
                  00005f18    0000001a     (.cinit..data.load) [load image, compression = lzss]
                  00005f32    00000002     --HOLE-- [fill = 0]
                  00005f34    0000000c     (__TI_handler_table)
                  00005f40    00000008     (.cinit..bss.load) [load image, compression = zero_init]
                  00005f48    00000010     (__TI_cinit_table)

.init_array 
*          0    00000000    00000000     UNINITIALIZED

.binit     0    00000000    00000000     

.bss       0    20000000    00000407     UNINITIALIZED
                  20000000    00000400     lib_PAE.lib : graphics.obj (.bss:g_pulConvertedPalette)
                  20000400    00000002     (.common:contador_T1_TIMEOUT)
                  20000402    00000002     (.common:velocitat_actual)
                  20000404    00000001     (.common:Byte_recibido_bool)
                  20000405    00000001     (.common:DatoLeido_UART)
                  20000406    00000001     (.common:timer_gir)

.data      0    20000408    0000001b     UNINITIALIZED
                  20000408    0000000a     lib_PAE.lib : lcd.obj (.data)
                  20000412    00000004                 : graphics.obj (.data)
                  20000416    00000002     --HOLE--
                  20000418    00000004     rtsv7M4_T_le_v4SPD16_eabi.lib : errno.c.obj (.data)
                  2000041c    00000004     system_msp432p401r.obj (.data)
                  20000420    00000003     robot_lib.obj (.data)

.stack     0    2000fe00    00000200     UNINITIALIZED
                  2000fe00    00000004     rtsv7M4_T_le_v4SPD16_eabi.lib : boot_cortex_m.c.obj (.stack)
                  2000fe04    000001fc     --HOLE--

__llvm_prf_cnts 
*          0    20000000    00000000     UNINITIALIZED

MODULE SUMMARY

       Module                        code    ro data   rw data
       ------                        ----    -------   -------
    .\
       robot_lib.obj                 2920    489       20     
       main.obj                      1264    18        0      
       system_msp432p401r.obj        820     0         8      
       startup_msp432p401r_ccs.obj   14      228       0      
    +--+-----------------------------+-------+---------+---------+
       Total:                        5018    735       28     
                                                              
    ../lib_PAE.lib
       graphics.obj                  4172    3710      2056   
       lcd.obj                       2216    32        20     
       msp_LCD.obj                   392     0         0      
       Inicializacion.obj            120     0         0      
    +--+-----------------------------+-------+---------+---------+
       Total:                        6900    3742      2076   
                                                              
    C:\ti\ccs1040\ccs\tools\compiler\ti-cgt-arm_20.2.5.LTS\lib\rtsv7M4_T_le_v4SPD16_eabi.lib
       _printfi.c.obj                4851    0         0      
       fd_add_t2.asm.obj             438     0         0      
       fd_div_t2.asm.obj             310     0         0      
       s_scalbn.c.obj                272     0         0      
       fd_cmp_t2.asm.obj             268     0         0      
       ctype.c.obj                   0       257       0      
       fd_mul_t2.asm.obj             252     0         0      
       memcpy_t2.asm.obj             156     0         0      
       ull_div_t2.asm.obj            150     0         0      
       memset_t2.asm.obj             122     0         0      
       copy_decompress_lzss.c.obj    104     0         0      
       s_frexp.c.obj                 100     0         0      
       sprintf.c.obj                 98      0         0      
       _ltoa.c.obj                   84      0         0      
       atoi.c.obj                    76      0         0      
       fd_toi_t2.asm.obj             72      0         0      
       autoinit.c.obj                68      0         0      
       boot_cortex_m.c.obj           52      0         0      
       i_tofd_t2.asm.obj             46      0         0      
       memccpy.c.obj                 28      0         0      
       s_copysign.c.obj              26      0         0      
       strchr.c.obj                  22      0         0      
       strlen.c.obj                  20      0         0      
       wcslen.c.obj                  18      0         0      
       errno.c.obj                   8       0         8      
       copy_decompress_none.c.obj    14      0         0      
       copy_zero_init.c.obj          12      0         0      
       exit.c.obj                    4       0         0      
       pre_init.c.obj                4       0         0      
       div0.asm.obj                  2       0         0      
    +--+-----------------------------+-------+---------+---------+
       Total:                        7677    257       8      
                                                              
       Stack:                        0       0         1024   
       Linker Generated:             0       62        0      
    +--+-----------------------------+-------+---------+---------+
       Grand Total:                  19595   4796      3136   


LINKER GENERATED COPY TABLES

__TI_cinit_table @ 00005f48 records: 2, size/record: 8, table size: 16
	.data: load addr=00005f18, load size=0000001a bytes, run addr=20000408, run size=0000001b bytes, compression=lzss
	.bss: load addr=00005f40, load size=00000008 bytes, run addr=20000000, run size=00000407 bytes, compression=zero_init


LINKER GENERATED HANDLER TABLE

__TI_handler_table @ 00005f34 records: 3, size/record: 4, table size: 12
	index: 0, handler: __TI_decompress_lzss
	index: 1, handler: __TI_decompress_none
	index: 2, handler: __TI_zero_init


GLOBAL SYMBOLS: SORTED ALPHABETICALLY BY Name 

address   name                          
-------   ----                          
00004d53  ADC14_IRQHandler              
00004d53  AES256_IRQHandler             
000015ff  Activa_TimerA1_TimeOut        
000014a5  AturaMotor                    
00004d53  BusFault_Handler              
20000404  Byte_recibido_bool            
00004d79  C$$EXIT                       
00004d53  COMP_E0_IRQHandler            
00004d53  COMP_E1_IRQHandler            
00004d53  CS_IRQHandler                 
2000040a  Color_Fondo                   
2000040e  Color_Fondo_Inv               
2000040c  Color_Texto                   
20000410  Color_Texto_Inv               
0000141b  ComunicationPacket            
00004d53  DMA_ERR_IRQHandler            
00004d53  DMA_INT0_IRQHandler           
00004d53  DMA_INT1_IRQHandler           
00004d53  DMA_INT2_IRQHandler           
00004d53  DMA_INT3_IRQHandler           
20000405  DatoLeido_UART                
00004d53  DebugMon_Handler              
00004d53  Default_Handler               
00001611  Desactiva_TimerA1_TimeOut     
00004d53  EUSCIA0_IRQHandler            
00004d53  EUSCIA1_IRQHandler            
0000195d  EUSCIA2_IRQHandler            
0000195d  EUSCIA2_IRQHandler            
00004d53  EUSCIA3_IRQHandler            
00004d53  EUSCIB0_IRQHandler            
00004d53  EUSCIB1_IRQHandler            
00004d53  EUSCIB2_IRQHandler            
00004d53  EUSCIB3_IRQHandler            
00001485  EncendreMotor                 
00004d53  FLCTL_IRQHandler              
00004d53  FPU_IRQHandler                
20000409  Fuente                        
00004d53  HardFault_Handler             
00004d53  MemManage_Handler             
00004d53  NMI_Handler                   
00004d53  PCM_IRQHandler                
00004d53  PORT1_IRQHandler              
00004d53  PORT2_IRQHandler              
00004d53  PORT3_IRQHandler              
00004d53  PORT4_IRQHandler              
000019c1  PORT5_IRQHandler              
000019c1  PORT5_IRQHandler              
00004d53  PORT6_IRQHandler              
00004d53  PSS_IRQHandler                
00004d53  PendSV_Handler                
00004d53  RTC_C_IRQHandler              
00004d47  Reset_Handler                 
00001623  Reset_Timeout                 
00001649  Reset_gir_temps               
0000128b  RxPacket                      
00004d53  SVC_Handler                   
00001257  Sentit_Dades_Rx               
00001263  Sentit_Dades_Tx               
000014c5  SetVelocitatMotor             
00004d53  SysTick_Handler               
2000041c  SystemCoreClock               
00003481  SystemCoreClockUpdate         
000036f9  SystemInit                    
00004d53  T32_INT1_IRQHandler           
00004d53  T32_INT2_IRQHandler           
00004d53  T32_INTC_IRQHandler           
00001917  TA0_0_IRQHandler              
00001917  TA0_0_IRQHandler              
00004d53  TA0_N_IRQHandler              
00001945  TA1_0_IRQHandler              
00001945  TA1_0_IRQHandler              
00004d53  TA1_N_IRQHandler              
00004d53  TA2_0_IRQHandler              
00004d53  TA2_N_IRQHandler              
00004d53  TA3_0_IRQHandler              
00004d53  TA3_N_IRQHandler              
00001631  TimeOut                       
00001131  TxPacket                      
0000126f  TxUACx                        
00004d53  UsageFault_Handler            
4000480c  WDTCTL_SYM                    
00004d53  WDT_A_IRQHandler              
20010000  __STACK_END                   
00000200  __STACK_SIZE                  
00005f48  __TI_CINIT_Base               
00005f58  __TI_CINIT_Limit              
00005f34  __TI_Handler_Table_Base       
00005f40  __TI_Handler_Table_Limit      
00004b89  __TI_auto_init_nobinit_nopinit
0000492b  __TI_decompress_lzss          
00004d39  __TI_decompress_none          
00004a4f  __TI_ltoa                     
ffffffff  __TI_pprof_out_hndl           
00001c99  __TI_printfi                  
ffffffff  __TI_prof_data_size           
ffffffff  __TI_prof_data_start          
00000000  __TI_static_base__            
00004d55  __TI_zero_init                
000046bd  __aeabi_cdcmpeq               
000046bd  __aeabi_cdcmple               
00004743  __aeabi_cdrcmple              
00004b41  __aeabi_d2iz                  
00003bff  __aeabi_dadd                  
00004071  __aeabi_ddiv                  
000043dd  __aeabi_dmul                  
00003bf5  __aeabi_dsub                  
00004d6d  __aeabi_errno_addr            
00004c81  __aeabi_i2d                   
000026e7  __aeabi_idiv0                 
000026e7  __aeabi_ldiv0                 
000047c9  __aeabi_memclr                
000047c9  __aeabi_memclr4               
000047c9  __aeabi_memclr8               
0000458b  __aeabi_memcpy                
0000458b  __aeabi_memcpy4               
0000458b  __aeabi_memcpy8               
000047cb  __aeabi_memset                
000047cb  __aeabi_memset4               
000047cb  __aeabi_memset8               
00004627  __aeabi_uldivmod              
ffffffff  __binit__                     
ffffffff  __c_args__                    
UNDEFED   __mpu_init                    
2000fe00  __stack                       
20000000  __start___llvm_prf_cnts       
20000000  __stop___llvm_prf_cnts        
00004c4d  _c_int00_noargs               
00005bfa  _ctypes_                      
20000408  _orientation                  
UNDEFED   _system_post_cinit            
00004d75  _system_pre_init              
00004d79  abort                         
00004af5  atoi                          
00001b4f  aturar                        
20000422  backflip                      
20000415  bgColorHighByte               
20000414  bgColorLowByte                
ffffffff  binit                         
00003255  buclecodiproj                 
000030a7  buscar_primera_paret          
00002b19  cambiar_orientacion           
20000421  caminant                      
00000121  clearScreen                   
000001af  clearScreenBkg                
20000413  colorHighByte                 
20000412  colorLowByte                  
20000400  contador_T1_TIMEOUT           
00001655  control_gir_temps             
00004ccb  copysign                      
00004ccb  copysignl                     
00003ed1  delay                         
00000521  drawCharLg                    
000005c9  drawCharLgBkg                 
000006ad  drawCharMd                    
0000075b  drawCharMdBkg                 
000003a1  drawCharSm                    
00000447  drawCharSmBkg                 
00000d9b  drawCircle                    
000008bd  drawImage                     
000008d5  drawImageLut                  
000009e3  drawImageMono                 
00000b41  drawLine                      
00000a01  drawLogicLine                 
00000237  drawPixel                     
00000d37  drawRect                      
00000267  drawString                    
20000418  errno                         
00003131  executar_gir                  
00003175  executar_gir_sensors          
00000fb9  fillCircle                    
00000f1b  fillRect                      
00004d7c  font_11x16                    
00005a1a  font_5x7                      
000055a6  font_8x12                     
00004995  frexp                         
00004995  frexpl                        
00002793  getAltura                     
00002741  getColumna                    
000026ef  getLinea                      
000026e9  getOrientacion                
000027ef  getScreenHeight               
000027d9  getScreenWidth                
00001acd  girar_dreta                   
00001b15  girar_esquerra                
00002ca9  halLcdClearLine               
00002b47  halLcdClearScreen             
00002b6b  halLcdClearScreenBkg          
00002e1d  halLcdDrawCircle              
00002f25  halLcdDrawImageLut            
00002d71  halLcdDrawLine                
00002d1f  halLcdDrawPixel               
00002dc5  halLcdDrawRect                
00002ec9  halLcdFillCircle              
00002e6d  halLcdFillRect                
00002b3b  halLcdInit                    
00002b8b  halLcdPrintLine               
00002c0b  halLcdPrintLineCol            
00003085  imprimir_sensors              
00002965  initLCD                       
00002f91  init_LED1                     
0000166d  init_UART                     
00001529  init_botton                   
00001509  init_buzzer                   
00003dad  init_spi_lcd_tactil           
00001595  init_timer_A0                 
000015d1  init_timer_A1                 
00004845  init_ucs_16MHz                
0000487d  init_ucs_24MHz                
00000000  interruptVectors              
000042cd  ldexp                         
000042cd  ldexpl                        
00001b7d  llegir_sensor                 
00002fcd  main                          
00004caf  memccpy                       
0000458b  memcpy                        
000047d1  memset                        
00001a6d  moure_endavant                
00001aa1  moure_enrere                  
0000175b  playTone                      
20000420  referencia                    
000042cd  scalbn                        
000042cd  scalbnl                       
00002805  setArea                       
00000103  setBackgroundColor            
000000e5  setColor                      
00002aab  setOrientation                
00001a33  set_velocitat                 
00001727  simple_delay_ms               
00004bcd  sprintf                       
00004cfd  strchr                        
00004d13  strlen                        
000016fd  timer32_delay_us              
20000406  timer_gir                     
0000189d  tocar_himne_CDT               
000017d9  tocar_himne_FCB               
20000402  velocitat_actual              
00004d27  wcslen                        
00003eab  writeCommand                  
00003e85  writeData                     


GLOBAL SYMBOLS: SORTED BY Symbol Address 

address   name                          
-------   ----                          
00000000  __TI_static_base__            
00000000  interruptVectors              
000000e5  setColor                      
00000103  setBackgroundColor            
00000121  clearScreen                   
000001af  clearScreenBkg                
00000200  __STACK_SIZE                  
00000237  drawPixel                     
00000267  drawString                    
000003a1  drawCharSm                    
00000447  drawCharSmBkg                 
00000521  drawCharLg                    
000005c9  drawCharLgBkg                 
000006ad  drawCharMd                    
0000075b  drawCharMdBkg                 
000008bd  drawImage                     
000008d5  drawImageLut                  
000009e3  drawImageMono                 
00000a01  drawLogicLine                 
00000b41  drawLine                      
00000d37  drawRect                      
00000d9b  drawCircle                    
00000f1b  fillRect                      
00000fb9  fillCircle                    
00001131  TxPacket                      
00001257  Sentit_Dades_Rx               
00001263  Sentit_Dades_Tx               
0000126f  TxUACx                        
0000128b  RxPacket                      
0000141b  ComunicationPacket            
00001485  EncendreMotor                 
000014a5  AturaMotor                    
000014c5  SetVelocitatMotor             
00001509  init_buzzer                   
00001529  init_botton                   
00001595  init_timer_A0                 
000015d1  init_timer_A1                 
000015ff  Activa_TimerA1_TimeOut        
00001611  Desactiva_TimerA1_TimeOut     
00001623  Reset_Timeout                 
00001631  TimeOut                       
00001649  Reset_gir_temps               
00001655  control_gir_temps             
0000166d  init_UART                     
000016fd  timer32_delay_us              
00001727  simple_delay_ms               
0000175b  playTone                      
000017d9  tocar_himne_FCB               
0000189d  tocar_himne_CDT               
00001917  TA0_0_IRQHandler              
00001917  TA0_0_IRQHandler              
00001945  TA1_0_IRQHandler              
00001945  TA1_0_IRQHandler              
0000195d  EUSCIA2_IRQHandler            
0000195d  EUSCIA2_IRQHandler            
000019c1  PORT5_IRQHandler              
000019c1  PORT5_IRQHandler              
00001a33  set_velocitat                 
00001a6d  moure_endavant                
00001aa1  moure_enrere                  
00001acd  girar_dreta                   
00001b15  girar_esquerra                
00001b4f  aturar                        
00001b7d  llegir_sensor                 
00001c99  __TI_printfi                  
000026e7  __aeabi_idiv0                 
000026e7  __aeabi_ldiv0                 
000026e9  getOrientacion                
000026ef  getLinea                      
00002741  getColumna                    
00002793  getAltura                     
000027d9  getScreenWidth                
000027ef  getScreenHeight               
00002805  setArea                       
00002965  initLCD                       
00002aab  setOrientation                
00002b19  cambiar_orientacion           
00002b3b  halLcdInit                    
00002b47  halLcdClearScreen             
00002b6b  halLcdClearScreenBkg          
00002b8b  halLcdPrintLine               
00002c0b  halLcdPrintLineCol            
00002ca9  halLcdClearLine               
00002d1f  halLcdDrawPixel               
00002d71  halLcdDrawLine                
00002dc5  halLcdDrawRect                
00002e1d  halLcdDrawCircle              
00002e6d  halLcdFillRect                
00002ec9  halLcdFillCircle              
00002f25  halLcdDrawImageLut            
00002f91  init_LED1                     
00002fcd  main                          
00003085  imprimir_sensors              
000030a7  buscar_primera_paret          
00003131  executar_gir                  
00003175  executar_gir_sensors          
00003255  buclecodiproj                 
00003481  SystemCoreClockUpdate         
000036f9  SystemInit                    
00003bf5  __aeabi_dsub                  
00003bff  __aeabi_dadd                  
00003dad  init_spi_lcd_tactil           
00003e85  writeData                     
00003eab  writeCommand                  
00003ed1  delay                         
00004071  __aeabi_ddiv                  
000042cd  ldexp                         
000042cd  ldexpl                        
000042cd  scalbn                        
000042cd  scalbnl                       
000043dd  __aeabi_dmul                  
0000458b  __aeabi_memcpy                
0000458b  __aeabi_memcpy4               
0000458b  __aeabi_memcpy8               
0000458b  memcpy                        
00004627  __aeabi_uldivmod              
000046bd  __aeabi_cdcmpeq               
000046bd  __aeabi_cdcmple               
00004743  __aeabi_cdrcmple              
000047c9  __aeabi_memclr                
000047c9  __aeabi_memclr4               
000047c9  __aeabi_memclr8               
000047cb  __aeabi_memset                
000047cb  __aeabi_memset4               
000047cb  __aeabi_memset8               
000047d1  memset                        
00004845  init_ucs_16MHz                
0000487d  init_ucs_24MHz                
0000492b  __TI_decompress_lzss          
00004995  frexp                         
00004995  frexpl                        
00004a4f  __TI_ltoa                     
00004af5  atoi                          
00004b41  __aeabi_d2iz                  
00004b89  __TI_auto_init_nobinit_nopinit
00004bcd  sprintf                       
00004c4d  _c_int00_noargs               
00004c81  __aeabi_i2d                   
00004caf  memccpy                       
00004ccb  copysign                      
00004ccb  copysignl                     
00004cfd  strchr                        
00004d13  strlen                        
00004d27  wcslen                        
00004d39  __TI_decompress_none          
00004d47  Reset_Handler                 
00004d53  ADC14_IRQHandler              
00004d53  AES256_IRQHandler             
00004d53  BusFault_Handler              
00004d53  COMP_E0_IRQHandler            
00004d53  COMP_E1_IRQHandler            
00004d53  CS_IRQHandler                 
00004d53  DMA_ERR_IRQHandler            
00004d53  DMA_INT0_IRQHandler           
00004d53  DMA_INT1_IRQHandler           
00004d53  DMA_INT2_IRQHandler           
00004d53  DMA_INT3_IRQHandler           
00004d53  DebugMon_Handler              
00004d53  Default_Handler               
00004d53  EUSCIA0_IRQHandler            
00004d53  EUSCIA1_IRQHandler            
00004d53  EUSCIA3_IRQHandler            
00004d53  EUSCIB0_IRQHandler            
00004d53  EUSCIB1_IRQHandler            
00004d53  EUSCIB2_IRQHandler            
00004d53  EUSCIB3_IRQHandler            
00004d53  FLCTL_IRQHandler              
00004d53  FPU_IRQHandler                
00004d53  HardFault_Handler             
00004d53  MemManage_Handler             
00004d53  NMI_Handler                   
00004d53  PCM_IRQHandler                
00004d53  PORT1_IRQHandler              
00004d53  PORT2_IRQHandler              
00004d53  PORT3_IRQHandler              
00004d53  PORT4_IRQHandler              
00004d53  PORT6_IRQHandler              
00004d53  PSS_IRQHandler                
00004d53  PendSV_Handler                
00004d53  RTC_C_IRQHandler              
00004d53  SVC_Handler                   
00004d53  SysTick_Handler               
00004d53  T32_INT1_IRQHandler           
00004d53  T32_INT2_IRQHandler           
00004d53  T32_INTC_IRQHandler           
00004d53  TA0_N_IRQHandler              
00004d53  TA1_N_IRQHandler              
00004d53  TA2_0_IRQHandler              
00004d53  TA2_N_IRQHandler              
00004d53  TA3_0_IRQHandler              
00004d53  TA3_N_IRQHandler              
00004d53  UsageFault_Handler            
00004d53  WDT_A_IRQHandler              
00004d55  __TI_zero_init                
00004d6d  __aeabi_errno_addr            
00004d75  _system_pre_init              
00004d79  C$$EXIT                       
00004d79  abort                         
00004d7c  font_11x16                    
000055a6  font_8x12                     
00005a1a  font_5x7                      
00005bfa  _ctypes_                      
00005f34  __TI_Handler_Table_Base       
00005f40  __TI_Handler_Table_Limit      
00005f48  __TI_CINIT_Base               
00005f58  __TI_CINIT_Limit              
20000000  __start___llvm_prf_cnts       
20000000  __stop___llvm_prf_cnts        
20000400  contador_T1_TIMEOUT           
20000402  velocitat_actual              
20000404  Byte_recibido_bool            
20000405  DatoLeido_UART                
20000406  timer_gir                     
20000408  _orientation                  
20000409  Fuente                        
2000040a  Color_Fondo                   
2000040c  Color_Texto                   
2000040e  Color_Fondo_Inv               
20000410  Color_Texto_Inv               
20000412  colorLowByte                  
20000413  colorHighByte                 
20000414  bgColorLowByte                
20000415  bgColorHighByte               
20000418  errno                         
2000041c  SystemCoreClock               
20000420  referencia                    
20000421  caminant                      
20000422  backflip                      
2000fe00  __stack                       
20010000  __STACK_END                   
4000480c  WDTCTL_SYM                    
ffffffff  __TI_pprof_out_hndl           
ffffffff  __TI_prof_data_size           
ffffffff  __TI_prof_data_start          
ffffffff  __binit__                     
ffffffff  __c_args__                    
ffffffff  binit                         
UNDEFED   __mpu_init                    
UNDEFED   _system_post_cinit            

[239 symbols]
